t=2026-09-01T17:42:30+0500 lvl=info msg="no configuration paths supplied"
t=2026-09-01T17:42:30+0500 lvl=info msg="using configuration at default config path" path="/Users/gulnaz_7580mail.ru/Library/Application Support/ngrok/ngrok.yml"
t=2026-09-01T17:42:30+0500 lvl=info msg="open config file" path="/Users/gulnaz_7580mail.ru/Library/Application Support/ngrok/ngrok.yml" err=<nil>
t=2026-09-01T17:42:30+0500 lvl=info msg="FIPS 140 mode" enabled=false
t=2026-09-01T17:42:30+0500 lvl=info msg="starting web service" obj=web addr=127.0.0.1:4040 allow_hosts=[]
t=2026-09-01T17:42:31+0500 lvl=info msg="update available" obj=updater
t=2026-09-01T17:42:31+0500 lvl=info msg="client session established" obj=tunnels.session
t=2026-09-01T17:42:31+0500 lvl=info msg="tunnel session started" obj=tunnels.session
t=2026-09-01T17:42:32+0500 lvl=info msg="started tunnel" obj=tunnels name=command_line addr=http://localhost:3000 url=https://unwarlike-pebble-correct.ngrok-free.dev
t=2026-09-01T18:58:08+0500 lvl=info msg="join connections" obj=join id=028c871ec0f7 l=[::1]:3000 r=[2a03:2880:11ff:41::]:62644
t=2026-09-01T18:58:10+0500 lvl=info msg="join connections" obj=join id=b67964c4e776 l=[::1]:3000 r=[2a03:2880:11ff:4::]:40132
t=2026-09-01T18:58:11+0500 lvl=info msg="join connections" obj=join id=fa5562aefc34 l=[::1]:3000 r=[2a03:2880:25ff:7::]:62762
t=2026-09-01T18:58:12+0500 lvl=info msg="join connections" obj=join id=d390db2cbcdb l=[::1]:3000 r=[2a03:2880:11ff:5a::]:62764
t=2026-09-01T18:58:13+0500 lvl=info msg="join connections" obj=join id=49733a2015e1 l=[::1]:3000 r=[2a03:2880:11ff:48::]:33016
t=2026-09-01T18:58:14+0500 lvl=info msg="join connections" obj=join id=9f0b19d2f7cb l=[::1]:3000 r=[2a03:2880:11ff:5a::]:46848
t=2026-09-01T18:58:16+0500 lvl=info msg="join connections" obj=join id=01408eb6c0d3 l=[::1]:3000 r=[2a03:2880:11ff:4f::]:62338
t=2026-09-01T18:58:20+0500 lvl=info msg="join connections" obj=join id=4843b7464ac3 l=[::1]:3000 r=[2a03:2880:11ff:46::]:42316
t=2026-09-01T18:59:27+0500 lvl=info msg="join connections" obj=join id=90ce44a90774 l=[::1]:3000 r=[2a03:2880:25ff:5b::]:48564
t=2026-09-01T19:00:28+0500 lvl=info msg="join connections" obj=join id=cf8b4cde8b03 l=[::1]:3000 r=[2a03:2880:11ff:5b::]:34968
t=2026-09-01T19:00:51+0500 lvl=info msg="join connections" obj=join id=890674c2e08f l=[::1]:3000 r=[2a03:2880:11ff:5::]:49668
t=2026-09-01T19:01:53+0500 lvl=info msg="join connections" obj=join id=705e91e3ad34 l=[::1]:3000 r=[2a03:2880:11ff:53::]:43250
